// Jest Snapshot v1, https://goo.gl/fbAQLP

exports[`returns default state 1`] = `
Object {
  "code": "",
  "email": "",
}
`;
